I'm sorry, but errors were detected in your script. Please correct the
errors listed below, and try again.


File "game/scripts/pta.rpy", line 176: invalid syntax
            pta_vote_theoretical_sex_ed_1_event,
             ^

Ren'Py Version: Ren'Py 8.1.3.23091805
Tue Sep 10 17:14:50 2024
